// Jest Snapshot v1, https://goo.gl/fbAQLP

exports[`pruebas para el componente counterApp.js debe mostrar <CounterApp/> correctamente y hacer el snapshot 1`] = `
<Fragment>
  <h1>
    CounterApp
  </h1>
  <h2>
     
    10
     
  </h2>
  <button
    onClick={[Function]}
    type="button"
  >
     +1 
  </button>
  <button
    onClick={[Function]}
    type="button"
  >
     Reset 
  </button>
  <button
    onClick={[Function]}
    type="button"
  >
     -1 
  </button>
</Fragment>
`;

exports[`pruebas para el componente counterApp.js debe restar con el boton llamado -1 1`] = `
<Fragment>
  <h1>
    CounterApp
  </h1>
  <h2>
     
    10
     
  </h2>
  <button
    onClick={[Function]}
    type="button"
  >
     +1 
  </button>
  <button
    onClick={[Function]}
    type="button"
  >
     Reset 
  </button>
  <button
    onClick={[Function]}
    type="button"
  >
     -1 
  </button>
</Fragment>
`;
